12:03:56.989 [main] INFO  testBase.BaseClass - Clicked on Calculator button
12:03:57.087 [main] INFO  testBase.BaseClass - Clicked on Home Loan EMI Calculator button
12:03:57.418 [main] INFO  testBase.BaseClass - Setting Home Loan values
12:04:05.525 [main] INFO  testBase.BaseClass - Scroll till monthly table
12:04:05.562 [main] INFO  testBase.BaseClass - Total Monthly Payment is displayed
12:04:05.770 [main] INFO  testBase.BaseClass - Scroll till total payment table
12:04:05.799 [main] INFO  testBase.BaseClass - Total of all Payments is displayed
12:04:05.979 [main] INFO  testBase.BaseClass - Scroll till home loan table
12:04:07.164 [main] INFO  testBase.BaseClass - Handled the header table
12:04:10.414 [main] INFO  testBase.BaseClass - Handled the table
12:04:10.546 [main] INFO  testBase.BaseClass - Scrolled till the top of the page
12:04:10.546 [main] INFO  testBase.BaseClass - *****Finished TC_002_HomeLoan *****
12:04:10.675 [main] INFO  testBase.BaseClass - *****Starting TC_003_LoanCalculator *****
12:04:10.732 [main] INFO  testBase.BaseClass - Clicked on the calculator button
12:04:13.428 [main] INFO  testBase.BaseClass - Clicked on the loan calculator button
12:04:13.482 [main] INFO  testBase.BaseClass - Clicked on the EMI Calculator button
12:04:13.659 [main] INFO  testBase.BaseClass - Loan amount value is verified
12:04:13.678 [main] INFO  testBase.BaseClass - Loan amount scale is verified
12:04:13.696 [main] INFO  testBase.BaseClass - Loan interest value is verified
12:04:13.715 [main] INFO  testBase.BaseClass - Loan interest scale is verified
12:04:13.737 [main] INFO  testBase.BaseClass - Loan term value is verified
12:04:13.755 [main] INFO  testBase.BaseClass - Loan term scale is verified
12:04:13.769 [main] INFO  testBase.BaseClass - Loan fees value is verified
12:04:13.784 [main] INFO  testBase.BaseClass - Loan fees scale is verified
12:04:14.025 [main] INFO  testBase.BaseClass - Loan Tenure scale of EMI Calculator is working
12:04:14.222 [main] INFO  testBase.BaseClass - Clicked on Loan Amount Calculator
12:04:14.376 [main] INFO  testBase.BaseClass - Loan EMI textbox is verified
12:04:14.391 [main] INFO  testBase.BaseClass - Loan EMI scale is verified
12:04:14.404 [main] INFO  testBase.BaseClass - Loan interest textbox is verified
12:04:14.416 [main] INFO  testBase.BaseClass - Loan interest slider scale is verified
12:04:14.429 [main] INFO  testBase.BaseClass - Loan term textbox is verified
12:04:14.441 [main] INFO  testBase.BaseClass - Loan term slider scale is verified
12:04:14.453 [main] INFO  testBase.BaseClass - Loan fees textbox is verified
12:04:14.464 [main] INFO  testBase.BaseClass - Loan fees slider scale is verified
12:04:14.746 [main] INFO  testBase.BaseClass - Loan Tenure scale of Loan Amount Calculator is working
12:04:14.931 [main] INFO  testBase.BaseClass - Clicked on Loan Tenure Calculator
12:04:15.070 [main] INFO  testBase.BaseClass - Loan Amount textbox is verified
12:04:15.085 [main] INFO  testBase.BaseClass - Loan Amount Slider is verified
12:04:15.100 [main] INFO  testBase.BaseClass - Loan Emi textbox is verified
12:04:15.115 [main] INFO  testBase.BaseClass - Loan Emi slider is verified
12:04:15.127 [main] INFO  testBase.BaseClass - Loan Interest textbox is verified
12:04:15.140 [main] INFO  testBase.BaseClass - Loan Interest slider is verified
12:04:15.152 [main] INFO  testBase.BaseClass - Loan fees textbox is verified
12:04:15.163 [main] INFO  testBase.BaseClass - Loan fees slider is verified
12:04:15.163 [main] INFO  testBase.BaseClass - *****Finished TC_003_LoanCalculator *****
13:32:53.429 [main] INFO  testBase.BaseClass - *****Starting TC_001_Carloan *****
13:32:53.813 [main] INFO  testBase.BaseClass - Clicked on Car Loan
13:32:54.345 [main] INFO  testBase.BaseClass - Setting Car Loan amount values
13:32:55.468 [main] INFO  testBase.BaseClass - Validating Car Loan amount values
13:32:55.476 [main] INFO  testBase.BaseClass - Validated amount scale
13:32:55.732 [main] INFO  testBase.BaseClass - Setting Interest rate values
13:32:56.696 [main] INFO  testBase.BaseClass - Validating Interest rate values
13:32:56.699 [main] INFO  testBase.BaseClass - Validated interest scale
13:32:56.938 [main] INFO  testBase.BaseClass - Setting Car Loan tenure values
13:32:57.508 [main] INFO  testBase.BaseClass - Validating Car Loan tenure values
13:32:57.509 [main] INFO  testBase.BaseClass - Validated tenure scale
13:32:58.016 [main] INFO  testBase.BaseClass - Clicked on EMI in Arrears
13:32:58.391 [main] INFO  testBase.BaseClass - Page successfully scrolled down
13:32:59.442 [main] INFO  testBase.BaseClass - One month interest displayed for EMI in Arrears
13:32:59.984 [main] INFO  testBase.BaseClass - One month Principal Amount displayed for EMI in Arrears
13:33:00.351 [main] INFO  testBase.BaseClass - Scrolled up the page
13:33:01.264 [main] INFO  testBase.BaseClass - Clicked on EMI in Advance
13:33:02.054 [main] INFO  testBase.BaseClass - Scrolled down the page till table
