17:59:25.325 [main] INFO  testBase.BaseClass - Loan interest value is verified
17:59:25.371 [main] INFO  testBase.BaseClass - Loan interest scale is verified
17:59:25.411 [main] INFO  testBase.BaseClass - Loan term value is verified
17:59:25.452 [main] INFO  testBase.BaseClass - Loan term scale is verified
17:59:25.498 [main] INFO  testBase.BaseClass - Loan fees value is verified
17:59:25.543 [main] INFO  testBase.BaseClass - Loan fees scale is verified
17:59:26.034 [main] INFO  testBase.BaseClass - Loan Tenure scale of EMI Calculator is working
17:59:26.423 [main] INFO  testBase.BaseClass - Clicked on Loan Amount Calculator
17:59:26.787 [main] INFO  testBase.BaseClass - Loan EMI textbox is verified
17:59:26.843 [main] INFO  testBase.BaseClass - Loan EMI scale is verified
17:59:26.894 [main] INFO  testBase.BaseClass - Loan interest textbox is verified
17:59:26.931 [main] INFO  testBase.BaseClass - Loan interest slider scale is verified
17:59:26.961 [main] INFO  testBase.BaseClass - Loan term textbox is verified
17:59:26.993 [main] INFO  testBase.BaseClass - Loan term slider scale is verified
17:59:27.025 [main] INFO  testBase.BaseClass - Loan fees textbox is verified
17:59:27.065 [main] INFO  testBase.BaseClass - Loan fees slider scale is verified
17:59:27.626 [main] INFO  testBase.BaseClass - Loan Tenure scale of Loan Amount Calculator is working
17:59:27.949 [main] INFO  testBase.BaseClass - Clicked on Loan Tenure Calculator
17:59:28.214 [main] INFO  testBase.BaseClass - Loan Amount textbox is verified
17:59:28.245 [main] INFO  testBase.BaseClass - Loan Amount Slider is verified
17:59:28.294 [main] INFO  testBase.BaseClass - Loan Emi textbox is verified
17:59:28.334 [main] INFO  testBase.BaseClass - Loan Emi slider is verified
17:59:28.375 [main] INFO  testBase.BaseClass - Loan Interest textbox is verified
17:59:28.421 [main] INFO  testBase.BaseClass - Loan Interest slider is verified
17:59:28.457 [main] INFO  testBase.BaseClass - Loan fees textbox is verified
17:59:28.491 [main] INFO  testBase.BaseClass - Loan fees slider is verified
17:59:28.491 [main] INFO  testBase.BaseClass - *****Finished TC_003_LoanCalculator *****
18:11:40.662 [main] INFO  testBase.BaseClass - *****Starting TC_001_Carloan *****
18:11:41.063 [main] INFO  testBase.BaseClass - Clicked on Car Loan
18:11:41.407 [main] INFO  testBase.BaseClass - Setting Car Loan amount values
18:11:42.595 [main] INFO  testBase.BaseClass - Validating Car Loan amount values
18:11:42.599 [main] INFO  testBase.BaseClass - Validated amount scale
18:11:42.833 [main] INFO  testBase.BaseClass - Setting Interest rate values
18:11:43.723 [main] INFO  testBase.BaseClass - Validating Interest rate values
18:11:43.726 [main] INFO  testBase.BaseClass - Validated interest scale
18:11:43.975 [main] INFO  testBase.BaseClass - Setting Car Loan tenure values
18:11:44.693 [main] INFO  testBase.BaseClass - Validating Car Loan tenure values
18:11:44.693 [main] INFO  testBase.BaseClass - Validated tenure scale
18:11:45.139 [main] INFO  testBase.BaseClass - Clicked on EMI in Arrears
18:11:45.484 [main] INFO  testBase.BaseClass - Page successfully scrolled down
18:11:46.278 [main] INFO  testBase.BaseClass - One month interest displayed for EMI in Arrears
18:11:46.702 [main] INFO  testBase.BaseClass - One month Principal Amount displayed for EMI in Arrears
18:11:46.985 [main] INFO  testBase.BaseClass - Scrolled up the page
18:11:47.483 [main] INFO  testBase.BaseClass - Clicked on EMI in Advance
18:11:47.868 [main] INFO  testBase.BaseClass - Scrolled down the page till table
18:11:48.662 [main] INFO  testBase.BaseClass - One month interest displayed for EMI in Advance
18:11:49.104 [main] INFO  testBase.BaseClass - One month Principal Amount displayed for EMI in Advance
18:11:49.387 [main] INFO  testBase.BaseClass - Scrolled till the top of the page
18:11:49.388 [main] INFO  testBase.BaseClass - *****Finished TC_001_Carloan *****
18:11:49.619 [main] INFO  testBase.BaseClass - *****Starting TC_002_HomeLoan *****
18:11:49.803 [main] INFO  testBase.BaseClass - Clicked on Calculator button
18:11:50.065 [main] INFO  testBase.BaseClass - Clicked on Home Loan EMI Calculator button
18:11:50.797 [main] INFO  testBase.BaseClass - Setting Home Loan values
18:11:58.317 [main] INFO  testBase.BaseClass - Scroll till monthly table
18:11:58.397 [main] INFO  testBase.BaseClass - Total Monthly Payment is displayed
18:11:58.632 [main] INFO  testBase.BaseClass - Scroll till total payment table
18:11:58.721 [main] INFO  testBase.BaseClass - Total of all Payments is displayed
18:11:58.961 [main] INFO  testBase.BaseClass - Scroll till home loan table
18:12:01.168 [main] INFO  testBase.BaseClass - Handled the header table
18:12:12.788 [main] INFO  testBase.BaseClass - Handled the table
18:12:13.099 [main] INFO  testBase.BaseClass - Scrolled till the top of the page
18:12:13.100 [main] INFO  testBase.BaseClass - *****Finished TC_002_HomeLoan *****
